e2e/app.e2e-spec.ts(3,1): error TS2593: Cannot find name 'describe'. Do you need to install type definitions for a test runner? Try `npm i @types/jest` or `npm i @types/mocha` and then add `jest` or `mocha` to the types field in your tsconfig.
e2e/app.e2e-spec.ts(6,3): error TS2304: Cannot find name 'beforeEach'.
e2e/app.e2e-spec.ts(10,3): error TS2593: Cannot find name 'it'. Do you need to install type definitions for a test runner? Try `npm i @types/jest` or `npm i @types/mocha` and then add `jest` or `mocha` to the types field in your tsconfig.
e2e/app.e2e-spec.ts(12,5): error TS2304: Cannot find name 'expect'.
e2e/src/app.e2e-spec.ts(4,1): error TS2593: Cannot find name 'describe'. Do you need to install type definitions for a test runner? Try `npm i @types/jest` or `npm i @types/mocha` and then add `jest` or `mocha` to the types field in your tsconfig.
e2e/src/app.e2e-spec.ts(7,3): error TS2304: Cannot find name 'beforeEach'.
e2e/src/app.e2e-spec.ts(11,3): error TS2593: Cannot find name 'it'. Do you need to install type definitions for a test runner? Try `npm i @types/jest` or `npm i @types/mocha` and then add `jest` or `mocha` to the types field in your tsconfig.
e2e/src/app.e2e-spec.ts(13,5): error TS2304: Cannot find name 'expect'.
e2e/src/app.e2e-spec.ts(16,3): error TS2304: Cannot find name 'afterEach'.
e2e/src/app.e2e-spec.ts(19,5): error TS2304: Cannot find name 'expect'.
e2e/src/app.e2e-spec.ts(19,32): error TS2304: Cannot find name 'jasmine'.
src/app/app.component.spec.ts(5,1): error TS2593: Cannot find name 'describe'. Do you need to install type definitions for a test runner? Try `npm i @types/jest` or `npm i @types/mocha` and then add `jest` or `mocha` to the types field in your tsconfig.
src/app/app.component.spec.ts(6,3): error TS2304: Cannot find name 'beforeEach'.
src/app/app.component.spec.ts(14,3): error TS2593: Cannot find name 'it'. Do you need to install type definitions for a test runner? Try `npm i @types/jest` or `npm i @types/mocha` and then add `jest` or `mocha` to the types field in your tsconfig.
src/app/app.component.spec.ts(17,5): error TS2304: Cannot find name 'expect'.
src/app/app.component.spec.ts(20,3): error TS2593: Cannot find name 'it'. Do you need to install type definitions for a test runner? Try `npm i @types/jest` or `npm i @types/mocha` and then add `jest` or `mocha` to the types field in your tsconfig.
src/app/app.component.spec.ts(23,5): error TS2304: Cannot find name 'expect'.
src/app/app.component.spec.ts(26,3): error TS2593: Cannot find name 'it'. Do you need to install type definitions for a test runner? Try `npm i @types/jest` or `npm i @types/mocha` and then add `jest` or `mocha` to the types field in your tsconfig.
src/app/app.component.spec.ts(30,5): error TS2304: Cannot find name 'expect'.
src/app/components/dialog-box/dialog-box.component.spec.ts(3,10): error TS2724: Module '"../../../../../../../../../../../Users/nanda/OneDrive/Desktop/UFS PROJECT/netronics/frontend/src/app/components/dialog-box/dialog-box.component"' has no exported member 'DialogBox_Component'. Did you mean 'DialogBoxComponent'?
src/app/components/dialog-box/dialog-box.component.spec.ts(5,1): error TS2593: Cannot find name 'describe'. Do you need to install type definitions for a test runner? Try `npm i @types/jest` or `npm i @types/mocha` and then add `jest` or `mocha` to the types field in your tsconfig.
src/app/components/dialog-box/dialog-box.component.spec.ts(9,3): error TS2304: Cannot find name 'beforeEach'.
src/app/components/dialog-box/dialog-box.component.spec.ts(16,3): error TS2304: Cannot find name 'beforeEach'.
src/app/components/dialog-box/dialog-box.component.spec.ts(22,3): error TS2593: Cannot find name 'it'. Do you need to install type definitions for a test runner? Try `npm i @types/jest` or `npm i @types/mocha` and then add `jest` or `mocha` to the types field in your tsconfig.
src/app/components/dialog-box/dialog-box.component.spec.ts(23,5): error TS2304: Cannot find name 'expect'.
src/app/components/footer/footer.component.spec.ts(5,1): error TS2593: Cannot find name 'describe'. Do you need to install type definitions for a test runner? Try `npm i @types/jest` or `npm i @types/mocha` and then add `jest` or `mocha` to the types field in your tsconfig.
src/app/components/footer/footer.component.spec.ts(9,3): error TS2304: Cannot find name 'beforeEach'.
src/app/components/footer/footer.component.spec.ts(16,3): error TS2304: Cannot find name 'beforeEach'.
src/app/components/footer/footer.component.spec.ts(22,3): error TS2593: Cannot find name 'it'. Do you need to install type definitions for a test runner? Try `npm i @types/jest` or `npm i @types/mocha` and then add `jest` or `mocha` to the types field in your tsconfig.
src/app/components/footer/footer.component.spec.ts(23,5): error TS2304: Cannot find name 'expect'.
src/app/components/navbar/navbar.component.spec.ts(5,1): error TS2593: Cannot find name 'describe'. Do you need to install type definitions for a test runner? Try `npm i @types/jest` or `npm i @types/mocha` and then add `jest` or `mocha` to the types field in your tsconfig.
src/app/components/navbar/navbar.component.spec.ts(9,3): error TS2304: Cannot find name 'beforeEach'.
src/app/components/navbar/navbar.component.spec.ts(16,3): error TS2304: Cannot find name 'beforeEach'.
src/app/components/navbar/navbar.component.spec.ts(22,3): error TS2593: Cannot find name 'it'. Do you need to install type definitions for a test runner? Try `npm i @types/jest` or `npm i @types/mocha` and then add `jest` or `mocha` to the types field in your tsconfig.
src/app/components/navbar/navbar.component.spec.ts(23,5): error TS2304: Cannot find name 'expect'.
src/app/components/sidebar/sidebar.component.spec.ts(5,1): error TS2593: Cannot find name 'describe'. Do you need to install type definitions for a test runner? Try `npm i @types/jest` or `npm i @types/mocha` and then add `jest` or `mocha` to the types field in your tsconfig.
src/app/components/sidebar/sidebar.component.spec.ts(9,3): error TS2304: Cannot find name 'beforeEach'.
src/app/components/sidebar/sidebar.component.spec.ts(16,3): error TS2304: Cannot find name 'beforeEach'.
src/app/components/sidebar/sidebar.component.spec.ts(22,3): error TS2593: Cannot find name 'it'. Do you need to install type definitions for a test runner? Try `npm i @types/jest` or `npm i @types/mocha` and then add `jest` or `mocha` to the types field in your tsconfig.
src/app/components/sidebar/sidebar.component.spec.ts(23,5): error TS2304: Cannot find name 'expect'.
src/app/guards/auth-guard.guard.spec.ts(3,10): error TS2305: Module '"../../../../../../../../../../Users/nanda/OneDrive/Desktop/UFS PROJECT/netronics/frontend/src/app/guards/auth-guard.guard"' has no exported member 'AuthGuardGuard'.
src/app/guards/auth-guard.guard.spec.ts(5,1): error TS2593: Cannot find name 'describe'. Do you need to install type definitions for a test runner? Try `npm i @types/jest` or `npm i @types/mocha` and then add `jest` or `mocha` to the types field in your tsconfig.
src/app/guards/auth-guard.guard.spec.ts(6,3): error TS2304: Cannot find name 'beforeEach'.
src/app/guards/auth-guard.guard.spec.ts(12,3): error TS2593: Cannot find name 'it'. Do you need to install type definitions for a test runner? Try `npm i @types/jest` or `npm i @types/mocha` and then add `jest` or `mocha` to the types field in your tsconfig.
src/app/guards/auth-guard.guard.spec.ts(13,5): error TS2304: Cannot find name 'expect'.
src/app/modules/admin/Account_Group/Account_Group.component.spec.ts(3,1): error TS2593: Cannot find name 'describe'. Do you need to install type definitions for a test runner? Try `npm i @types/jest` or `npm i @types/mocha` and then add `jest` or `mocha` to the types field in your tsconfig.
src/app/modules/admin/Account_Group/Account_Group.component.spec.ts(6,1): error TS2304: Cannot find name 'beforeEach'.
src/app/modules/admin/Account_Group/Account_Group.component.spec.ts(12,1): error TS2304: Cannot find name 'beforeEach'.
src/app/modules/admin/Account_Group/Account_Group.component.spec.ts(17,1): error TS2593: Cannot find name 'it'. Do you need to install type definitions for a test runner? Try `npm i @types/jest` or `npm i @types/mocha` and then add `jest` or `mocha` to the types field in your tsconfig.
src/app/modules/admin/Account_Group/Account_Group.component.spec.ts(18,1): error TS2304: Cannot find name 'expect'.
src/app/modules/admin/Account_Years/Account_Years.component.spec.ts(3,1): error TS2593: Cannot find name 'describe'. Do you need to install type definitions for a test runner? Try `npm i @types/jest` or `npm i @types/mocha` and then add `jest` or `mocha` to the types field in your tsconfig.
src/app/modules/admin/Account_Years/Account_Years.component.spec.ts(6,1): error TS2304: Cannot find name 'beforeEach'.
src/app/modules/admin/Account_Years/Account_Years.component.spec.ts(12,1): error TS2304: Cannot find name 'beforeEach'.
src/app/modules/admin/Account_Years/Account_Years.component.spec.ts(17,1): error TS2593: Cannot find name 'it'. Do you need to install type definitions for a test runner? Try `npm i @types/jest` or `npm i @types/mocha` and then add `jest` or `mocha` to the types field in your tsconfig.
src/app/modules/admin/Account_Years/Account_Years.component.spec.ts(18,1): error TS2304: Cannot find name 'expect'.
src/app/modules/admin/AddStock/AddStock.component.spec.ts(3,1): error TS2593: Cannot find name 'describe'. Do you need to install type definitions for a test runner? Try `npm i @types/jest` or `npm i @types/mocha` and then add `jest` or `mocha` to the types field in your tsconfig.
src/app/modules/admin/AddStock/AddStock.component.spec.ts(6,1): error TS2304: Cannot find name 'beforeEach'.
src/app/modules/admin/AddStock/AddStock.component.spec.ts(12,1): error TS2304: Cannot find name 'beforeEach'.
src/app/modules/admin/AddStock/AddStock.component.spec.ts(17,1): error TS2593: Cannot find name 'it'. Do you need to install type definitions for a test runner? Try `npm i @types/jest` or `npm i @types/mocha` and then add `jest` or `mocha` to the types field in your tsconfig.
src/app/modules/admin/AddStock/AddStock.component.spec.ts(18,1): error TS2304: Cannot find name 'expect'.
src/app/modules/admin/admin.component.spec.ts(3,10): error TS2305: Module '"../../../../../../../../../../../Users/nanda/OneDrive/Desktop/UFS PROJECT/netronics/frontend/src/app/modules/admin/admin.component"' has no exported member 'AdminLayoutComponent'.
src/app/modules/admin/admin.component.spec.ts(5,1): error TS2593: Cannot find name 'describe'. Do you need to install type definitions for a test runner? Try `npm i @types/jest` or `npm i @types/mocha` and then add `jest` or `mocha` to the types field in your tsconfig.
src/app/modules/admin/admin.component.spec.ts(9,3): error TS2304: Cannot find name 'beforeEach'.
src/app/modules/admin/admin.component.spec.ts(16,3): error TS2304: Cannot find name 'beforeEach'.
src/app/modules/admin/admin.component.spec.ts(22,3): error TS2593: Cannot find name 'it'. Do you need to install type definitions for a test runner? Try `npm i @types/jest` or `npm i @types/mocha` and then add `jest` or `mocha` to the types field in your tsconfig.
src/app/modules/admin/admin.component.spec.ts(23,5): error TS2304: Cannot find name 'expect'.
src/app/modules/admin/Bank/Bank.component.spec.ts(3,1): error TS2593: Cannot find name 'describe'. Do you need to install type definitions for a test runner? Try `npm i @types/jest` or `npm i @types/mocha` and then add `jest` or `mocha` to the types field in your tsconfig.
src/app/modules/admin/Bank/Bank.component.spec.ts(6,1): error TS2304: Cannot find name 'beforeEach'.
src/app/modules/admin/Bank/Bank.component.spec.ts(12,1): error TS2304: Cannot find name 'beforeEach'.
src/app/modules/admin/Bank/Bank.component.spec.ts(17,1): error TS2593: Cannot find name 'it'. Do you need to install type definitions for a test runner? Try `npm i @types/jest` or `npm i @types/mocha` and then add `jest` or `mocha` to the types field in your tsconfig.
src/app/modules/admin/Bank/Bank.component.spec.ts(18,1): error TS2304: Cannot find name 'expect'.
src/app/modules/admin/Brand/Brand.component.spec.ts(3,1): error TS2593: Cannot find name 'describe'. Do you need to install type definitions for a test runner? Try `npm i @types/jest` or `npm i @types/mocha` and then add `jest` or `mocha` to the types field in your tsconfig.
src/app/modules/admin/Brand/Brand.component.spec.ts(6,1): error TS2304: Cannot find name 'beforeEach'.
src/app/modules/admin/Brand/Brand.component.spec.ts(12,1): error TS2304: Cannot find name 'beforeEach'.
src/app/modules/admin/Brand/Brand.component.spec.ts(17,1): error TS2593: Cannot find name 'it'. Do you need to install type definitions for a test runner? Try `npm i @types/jest` or `npm i @types/mocha` and then add `jest` or `mocha` to the types field in your tsconfig.
src/app/modules/admin/Brand/Brand.component.spec.ts(18,1): error TS2304: Cannot find name 'expect'.
src/app/modules/admin/Cheque_Book/Cheque_Book.component.spec.ts(3,1): error TS2593: Cannot find name 'describe'. Do you need to install type definitions for a test runner? Try `npm i @types/jest` or `npm i @types/mocha` and then add `jest` or `mocha` to the types field in your tsconfig.
src/app/modules/admin/Cheque_Book/Cheque_Book.component.spec.ts(6,1): error TS2304: Cannot find name 'beforeEach'.
src/app/modules/admin/Cheque_Book/Cheque_Book.component.spec.ts(12,1): error TS2304: Cannot find name 'beforeEach'.
src/app/modules/admin/Cheque_Book/Cheque_Book.component.spec.ts(17,1): error TS2593: Cannot find name 'it'. Do you need to install type definitions for a test runner? Try `npm i @types/jest` or `npm i @types/mocha` and then add `jest` or `mocha` to the types field in your tsconfig.
src/app/modules/admin/Cheque_Book/Cheque_Book.component.spec.ts(18,1): error TS2304: Cannot find name 'expect'.
src/app/modules/admin/Client_Accounts/Client_Accounts.component.spec.ts(3,1): error TS2593: Cannot find name 'describe'. Do you need to install type definitions for a test runner? Try `npm i @types/jest` or `npm i @types/mocha` and then add `jest` or `mocha` to the types field in your tsconfig.
src/app/modules/admin/Client_Accounts/Client_Accounts.component.spec.ts(6,1): error TS2304: Cannot find name 'beforeEach'.
src/app/modules/admin/Client_Accounts/Client_Accounts.component.spec.ts(12,1): error TS2304: Cannot find name 'beforeEach'.
src/app/modules/admin/Client_Accounts/Client_Accounts.component.spec.ts(17,1): error TS2593: Cannot find name 'it'. Do you need to install type definitions for a test runner? Try `npm i @types/jest` or `npm i @types/mocha` and then add `jest` or `mocha` to the types field in your tsconfig.
src/app/modules/admin/Client_Accounts/Client_Accounts.component.spec.ts(18,1): error TS2304: Cannot find name 'expect'.
src/app/modules/admin/Company/Company.component.spec.ts(3,1): error TS2593: Cannot find name 'describe'. Do you need to install type definitions for a test runner? Try `npm i @types/jest` or `npm i @types/mocha` and then add `jest` or `mocha` to the types field in your tsconfig.
src/app/modules/admin/Company/Company.component.spec.ts(6,1): error TS2304: Cannot find name 'beforeEach'.
src/app/modules/admin/Company/Company.component.spec.ts(12,1): error TS2304: Cannot find name 'beforeEach'.
src/app/modules/admin/Company/Company.component.spec.ts(17,1): error TS2593: Cannot find name 'it'. Do you need to install type definitions for a test runner? Try `npm i @types/jest` or `npm i @types/mocha` and then add `jest` or `mocha` to the types field in your tsconfig.
src/app/modules/admin/Company/Company.component.spec.ts(18,1): error TS2304: Cannot find name 'expect'.
src/app/modules/admin/Contra_Entry/Contra_Entry.component.spec.ts(3,1): error TS2593: Cannot find name 'describe'. Do you need to install type definitions for a test runner? Try `npm i @types/jest` or `npm i @types/mocha` and then add `jest` or `mocha` to the types field in your tsconfig.
src/app/modules/admin/Contra_Entry/Contra_Entry.component.spec.ts(6,1): error TS2304: Cannot find name 'beforeEach'.
src/app/modules/admin/Contra_Entry/Contra_Entry.component.spec.ts(12,1): error TS2304: Cannot find name 'beforeEach'.
src/app/modules/admin/Contra_Entry/Contra_Entry.component.spec.ts(17,1): error TS2593: Cannot find name 'it'. Do you need to install type definitions for a test runner? Try `npm i @types/jest` or `npm i @types/mocha` and then add `jest` or `mocha` to the types field in your tsconfig.
src/app/modules/admin/Contra_Entry/Contra_Entry.component.spec.ts(18,1): error TS2304: Cannot find name 'expect'.
src/app/modules/admin/country/country.component.spec.ts(3,1): error TS2593: Cannot find name 'describe'. Do you need to install type definitions for a test runner? Try `npm i @types/jest` or `npm i @types/mocha` and then add `jest` or `mocha` to the types field in your tsconfig.
src/app/modules/admin/country/country.component.spec.ts(6,1): error TS2304: Cannot find name 'beforeEach'.
src/app/modules/admin/country/country.component.spec.ts(12,1): error TS2304: Cannot find name 'beforeEach'.
src/app/modules/admin/country/country.component.spec.ts(17,1): error TS2593: Cannot find name 'it'. Do you need to install type definitions for a test runner? Try `npm i @types/jest` or `npm i @types/mocha` and then add `jest` or `mocha` to the types field in your tsconfig.
src/app/modules/admin/country/country.component.spec.ts(18,1): error TS2304: Cannot find name 'expect'.
src/app/modules/admin/Country_Of_Orgin/Country_Of_Orgin.component.spec.ts(3,1): error TS2593: Cannot find name 'describe'. Do you need to install type definitions for a test runner? Try `npm i @types/jest` or `npm i @types/mocha` and then add `jest` or `mocha` to the types field in your tsconfig.
src/app/modules/admin/Country_Of_Orgin/Country_Of_Orgin.component.spec.ts(6,1): error TS2304: Cannot find name 'beforeEach'.
src/app/modules/admin/Country_Of_Orgin/Country_Of_Orgin.component.spec.ts(12,1): error TS2304: Cannot find name 'beforeEach'.
src/app/modules/admin/Country_Of_Orgin/Country_Of_Orgin.component.spec.ts(17,1): error TS2593: Cannot find name 'it'. Do you need to install type definitions for a test runner? Try `npm i @types/jest` or `npm i @types/mocha` and then add `jest` or `mocha` to the types field in your tsconfig.
src/app/modules/admin/Country_Of_Orgin/Country_Of_Orgin.component.spec.ts(18,1): error TS2304: Cannot find name 'expect'.
src/app/modules/admin/Credit_Note/Credit_Note.component.spec.ts(5,1): error TS2593: Cannot find name 'describe'. Do you need to install type definitions for a test runner? Try `npm i @types/jest` or `npm i @types/mocha` and then add `jest` or `mocha` to the types field in your tsconfig.
src/app/modules/admin/Credit_Note/Credit_Note.component.spec.ts(9,3): error TS2304: Cannot find name 'beforeEach'.
src/app/modules/admin/Credit_Note/Credit_Note.component.spec.ts(16,3): error TS2304: Cannot find name 'beforeEach'.
src/app/modules/admin/Credit_Note/Credit_Note.component.spec.ts(22,3): error TS2593: Cannot find name 'it'. Do you need to install type definitions for a test runner? Try `npm i @types/jest` or `npm i @types/mocha` and then add `jest` or `mocha` to the types field in your tsconfig.
src/app/modules/admin/Credit_Note/Credit_Note.component.spec.ts(23,5): error TS2304: Cannot find name 'expect'.
src/app/modules/admin/Currency/Currency.component.spec.ts(3,1): error TS2593: Cannot find name 'describe'. Do you need to install type definitions for a test runner? Try `npm i @types/jest` or `npm i @types/mocha` and then add `jest` or `mocha` to the types field in your tsconfig.
src/app/modules/admin/Currency/Currency.component.spec.ts(6,1): error TS2304: Cannot find name 'beforeEach'.
src/app/modules/admin/Currency/Currency.component.spec.ts(12,1): error TS2304: Cannot find name 'beforeEach'.
src/app/modules/admin/Currency/Currency.component.spec.ts(17,1): error TS2593: Cannot find name 'it'. Do you need to install type definitions for a test runner? Try `npm i @types/jest` or `npm i @types/mocha` and then add `jest` or `mocha` to the types field in your tsconfig.
src/app/modules/admin/Currency/Currency.component.spec.ts(18,1): error TS2304: Cannot find name 'expect'.
src/app/modules/admin/currencydetails/currencydetails.component.spec.ts(3,1): error TS2593: Cannot find name 'describe'. Do you need to install type definitions for a test runner? Try `npm i @types/jest` or `npm i @types/mocha` and then add `jest` or `mocha` to the types field in your tsconfig.
src/app/modules/admin/currencydetails/currencydetails.component.spec.ts(6,1): error TS2304: Cannot find name 'beforeEach'.
src/app/modules/admin/currencydetails/currencydetails.component.spec.ts(12,1): error TS2304: Cannot find name 'beforeEach'.
src/app/modules/admin/currencydetails/currencydetails.component.spec.ts(17,1): error TS2593: Cannot find name 'it'. Do you need to install type definitions for a test runner? Try `npm i @types/jest` or `npm i @types/mocha` and then add `jest` or `mocha` to the types field in your tsconfig.
src/app/modules/admin/currencydetails/currencydetails.component.spec.ts(18,1): error TS2304: Cannot find name 'expect'.
src/app/modules/admin/Customer/Customer.component.spec.ts(3,1): error TS2593: Cannot find name 'describe'. Do you need to install type definitions for a test runner? Try `npm i @types/jest` or `npm i @types/mocha` and then add `jest` or `mocha` to the types field in your tsconfig.
src/app/modules/admin/Customer/Customer.component.spec.ts(6,1): error TS2304: Cannot find name 'beforeEach'.
src/app/modules/admin/Customer/Customer.component.spec.ts(12,1): error TS2304: Cannot find name 'beforeEach'.
src/app/modules/admin/Customer/Customer.component.spec.ts(17,1): error TS2593: Cannot find name 'it'. Do you need to install type definitions for a test runner? Try `npm i @types/jest` or `npm i @types/mocha` and then add `jest` or `mocha` to the types field in your tsconfig.
src/app/modules/admin/Customer/Customer.component.spec.ts(18,1): error TS2304: Cannot find name 'expect'.
src/app/modules/admin/Damage_Details/Damage_Details.component.spec.ts(3,1): error TS2593: Cannot find name 'describe'. Do you need to install type definitions for a test runner? Try `npm i @types/jest` or `npm i @types/mocha` and then add `jest` or `mocha` to the types field in your tsconfig.
src/app/modules/admin/Damage_Details/Damage_Details.component.spec.ts(6,1): error TS2304: Cannot find name 'beforeEach'.
src/app/modules/admin/Damage_Details/Damage_Details.component.spec.ts(12,1): error TS2304: Cannot find name 'beforeEach'.
src/app/modules/admin/Damage_Details/Damage_Details.component.spec.ts(17,1): error TS2593: Cannot find name 'it'. Do you need to install type definitions for a test runner? Try `npm i @types/jest` or `npm i @types/mocha` and then add `jest` or `mocha` to the types field in your tsconfig.
src/app/modules/admin/Damage_Details/Damage_Details.component.spec.ts(18,1): error TS2304: Cannot find name 'expect'.
src/app/modules/admin/Damage_Master/Damage_Master.component.spec.ts(3,1): error TS2593: Cannot find name 'describe'. Do you need to install type definitions for a test runner? Try `npm i @types/jest` or `npm i @types/mocha` and then add `jest` or `mocha` to the types field in your tsconfig.
src/app/modules/admin/Damage_Master/Damage_Master.component.spec.ts(6,1): error TS2304: Cannot find name 'beforeEach'.
src/app/modules/admin/Damage_Master/Damage_Master.component.spec.ts(12,1): error TS2304: Cannot find name 'beforeEach'.
src/app/modules/admin/Damage_Master/Damage_Master.component.spec.ts(17,1): error TS2593: Cannot find name 'it'. Do you need to install type definitions for a test runner? Try `npm i @types/jest` or `npm i @types/mocha` and then add `jest` or `mocha` to the types field in your tsconfig.
src/app/modules/admin/Damage_Master/Damage_Master.component.spec.ts(18,1): error TS2304: Cannot find name 'expect'.
src/app/modules/admin/Dashboard/Dashboard.component.spec.ts(3,1): error TS2593: Cannot find name 'describe'. Do you need to install type definitions for a test runner? Try `npm i @types/jest` or `npm i @types/mocha` and then add `jest` or `mocha` to the types field in your tsconfig.
src/app/modules/admin/Dashboard/Dashboard.component.spec.ts(6,1): error TS2304: Cannot find name 'beforeEach'.
src/app/modules/admin/Dashboard/Dashboard.component.spec.ts(12,1): error TS2304: Cannot find name 'beforeEach'.
src/app/modules/admin/Dashboard/Dashboard.component.spec.ts(17,1): error TS2593: Cannot find name 'it'. Do you need to install type definitions for a test runner? Try `npm i @types/jest` or `npm i @types/mocha` and then add `jest` or `mocha` to the types field in your tsconfig.
src/app/modules/admin/Dashboard/Dashboard.component.spec.ts(18,1): error TS2304: Cannot find name 'expect'.
src/app/modules/admin/Daybook/Daybook.component.spec.ts(3,1): error TS2593: Cannot find name 'describe'. Do you need to install type definitions for a test runner? Try `npm i @types/jest` or `npm i @types/mocha` and then add `jest` or `mocha` to the types field in your tsconfig.
src/app/modules/admin/Daybook/Daybook.component.spec.ts(6,2): error TS2304: Cannot find name 'beforeEach'.
src/app/modules/admin/Daybook/Daybook.component.spec.ts(11,2): error TS2304: Cannot find name 'beforeEach'.
src/app/modules/admin/Daybook/Daybook.component.spec.ts(16,2): error TS2593: Cannot find name 'it'. Do you need to install type definitions for a test runner? Try `npm i @types/jest` or `npm i @types/mocha` and then add `jest` or `mocha` to the types field in your tsconfig.
src/app/modules/admin/Daybook/Daybook.component.spec.ts(17,3): error TS2304: Cannot find name 'expect'.
src/app/modules/admin/Debit_Note/Debit_Note.component.spec.ts(5,1): error TS2593: Cannot find name 'describe'. Do you need to install type definitions for a test runner? Try `npm i @types/jest` or `npm i @types/mocha` and then add `jest` or `mocha` to the types field in your tsconfig.
src/app/modules/admin/Debit_Note/Debit_Note.component.spec.ts(9,3): error TS2304: Cannot find name 'beforeEach'.
src/app/modules/admin/Debit_Note/Debit_Note.component.spec.ts(16,3): error TS2304: Cannot find name 'beforeEach'.
src/app/modules/admin/Debit_Note/Debit_Note.component.spec.ts(22,3): error TS2593: Cannot find name 'it'. Do you need to install type definitions for a test runner? Try `npm i @types/jest` or `npm i @types/mocha` and then add `jest` or `mocha` to the types field in your tsconfig.
src/app/modules/admin/Debit_Note/Debit_Note.component.spec.ts(23,5): error TS2304: Cannot find name 'expect'.
src/app/modules/admin/Delivery_Order/Delivery_Order.component.spec.ts(3,1): error TS2593: Cannot find name 'describe'. Do you need to install type definitions for a test runner? Try `npm i @types/jest` or `npm i @types/mocha` and then add `jest` or `mocha` to the types field in your tsconfig.
src/app/modules/admin/Delivery_Order/Delivery_Order.component.spec.ts(6,1): error TS2304: Cannot find name 'beforeEach'.
src/app/modules/admin/Delivery_Order/Delivery_Order.component.spec.ts(12,1): error TS2304: Cannot find name 'beforeEach'.
src/app/modules/admin/Delivery_Order/Delivery_Order.component.spec.ts(17,1): error TS2593: Cannot find name 'it'. Do you need to install type definitions for a test runner? Try `npm i @types/jest` or `npm i @types/mocha` and then add `jest` or `mocha` to the types field in your tsconfig.
src/app/modules/admin/Delivery_Order/Delivery_Order.component.spec.ts(18,1): error TS2304: Cannot find name 'expect'.
src/app/modules/admin/DialogBox/DialogBox.component.spec.ts(5,1): error TS2593: Cannot find name 'describe'. Do you need to install type definitions for a test runner? Try `npm i @types/jest` or `npm i @types/mocha` and then add `jest` or `mocha` to the types field in your tsconfig.
src/app/modules/admin/DialogBox/DialogBox.component.spec.ts(9,3): error TS2304: Cannot find name 'beforeEach'.
src/app/modules/admin/DialogBox/DialogBox.component.spec.ts(16,3): error TS2304: Cannot find name 'beforeEach'.
src/app/modules/admin/DialogBox/DialogBox.component.spec.ts(22,3): error TS2593: Cannot find name 'it'. Do you need to install type definitions for a test runner? Try `npm i @types/jest` or `npm i @types/mocha` and then add `jest` or `mocha` to the types field in your tsconfig.
src/app/modules/admin/DialogBox/DialogBox.component.spec.ts(23,5): error TS2304: Cannot find name 'expect'.
src/app/modules/admin/Employee_Details/Employee_Details.component.spec.ts(3,1): error TS2593: Cannot find name 'describe'. Do you need to install type definitions for a test runner? Try `npm i @types/jest` or `npm i @types/mocha` and then add `jest` or `mocha` to the types field in your tsconfig.
src/app/modules/admin/Employee_Details/Employee_Details.component.spec.ts(6,1): error TS2304: Cannot find name 'beforeEach'.
src/app/modules/admin/Employee_Details/Employee_Details.component.spec.ts(12,1): error TS2304: Cannot find name 'beforeEach'.
src/app/modules/admin/Employee_Details/Employee_Details.component.spec.ts(17,1): error TS2593: Cannot find name 'it'. Do you need to install type definitions for a test runner? Try `npm i @types/jest` or `npm i @types/mocha` and then add `jest` or `mocha` to the types field in your tsconfig.
src/app/modules/admin/Employee_Details/Employee_Details.component.spec.ts(18,1): error TS2304: Cannot find name 'expect'.
src/app/modules/admin/General_Settings/General_Settings.component.spec.ts(3,1): error TS2593: Cannot find name 'describe'. Do you need to install type definitions for a test runner? Try `npm i @types/jest` or `npm i @types/mocha` and then add `jest` or `mocha` to the types field in your tsconfig.
src/app/modules/admin/General_Settings/General_Settings.component.spec.ts(6,1): error TS2304: Cannot find name 'beforeEach'.
src/app/modules/admin/General_Settings/General_Settings.component.spec.ts(12,1): error TS2304: Cannot find name 'beforeEach'.
src/app/modules/admin/General_Settings/General_Settings.component.spec.ts(17,1): error TS2593: Cannot find name 'it'. Do you need to install type definitions for a test runner? Try `npm i @types/jest` or `npm i @types/mocha` and then add `jest` or `mocha` to the types field in your tsconfig.
src/app/modules/admin/General_Settings/General_Settings.component.spec.ts(18,1): error TS2304: Cannot find name 'expect'.
src/app/modules/admin/grn/grn.component.spec.ts(5,1): error TS2593: Cannot find name 'describe'. Do you need to install type definitions for a test runner? Try `npm i @types/jest` or `npm i @types/mocha` and then add `jest` or `mocha` to the types field in your tsconfig.
src/app/modules/admin/grn/grn.component.spec.ts(9,3): error TS2304: Cannot find name 'beforeEach'.
src/app/modules/admin/grn/grn.component.spec.ts(16,3): error TS2304: Cannot find name 'beforeEach'.
src/app/modules/admin/grn/grn.component.spec.ts(22,3): error TS2593: Cannot find name 'it'. Do you need to install type definitions for a test runner? Try `npm i @types/jest` or `npm i @types/mocha` and then add `jest` or `mocha` to the types field in your tsconfig.
src/app/modules/admin/grn/grn.component.spec.ts(23,5): error TS2304: Cannot find name 'expect'.
src/app/modules/admin/GRN_Vat_Report/GRN_Vat_Report.component.spec.ts(3,1): error TS2593: Cannot find name 'describe'. Do you need to install type definitions for a test runner? Try `npm i @types/jest` or `npm i @types/mocha` and then add `jest` or `mocha` to the types field in your tsconfig.
src/app/modules/admin/GRN_Vat_Report/GRN_Vat_Report.component.spec.ts(6,1): error TS2304: Cannot find name 'beforeEach'.
src/app/modules/admin/GRN_Vat_Report/GRN_Vat_Report.component.spec.ts(12,1): error TS2304: Cannot find name 'beforeEach'.
src/app/modules/admin/GRN_Vat_Report/GRN_Vat_Report.component.spec.ts(17,1): error TS2593: Cannot find name 'it'. Do you need to install type definitions for a test runner? Try `npm i @types/jest` or `npm i @types/mocha` and then add `jest` or `mocha` to the types field in your tsconfig.
src/app/modules/admin/GRN_Vat_Report/GRN_Vat_Report.component.spec.ts(18,1): error TS2304: Cannot find name 'expect'.
src/app/modules/admin/HSN/HSN.component.spec.ts(3,1): error TS2593: Cannot find name 'describe'. Do you need to install type definitions for a test runner? Try `npm i @types/jest` or `npm i @types/mocha` and then add `jest` or `mocha` to the types field in your tsconfig.
src/app/modules/admin/HSN/HSN.component.spec.ts(6,1): error TS2304: Cannot find name 'beforeEach'.
src/app/modules/admin/HSN/HSN.component.spec.ts(12,1): error TS2304: Cannot find name 'beforeEach'.
src/app/modules/admin/HSN/HSN.component.spec.ts(17,1): error TS2593: Cannot find name 'it'. Do you need to install type definitions for a test runner? Try `npm i @types/jest` or `npm i @types/mocha` and then add `jest` or `mocha` to the types field in your tsconfig.
src/app/modules/admin/HSN/HSN.component.spec.ts(18,1): error TS2304: Cannot find name 'expect'.
src/app/modules/admin/invoice/invoice.component.spec.ts(5,1): error TS2593: Cannot find name 'describe'. Do you need to install type definitions for a test runner? Try `npm i @types/jest` or `npm i @types/mocha` and then add `jest` or `mocha` to the types field in your tsconfig.
src/app/modules/admin/invoice/invoice.component.spec.ts(9,3): error TS2304: Cannot find name 'beforeEach'.
src/app/modules/admin/invoice/invoice.component.spec.ts(16,3): error TS2304: Cannot find name 'beforeEach'.
src/app/modules/admin/invoice/invoice.component.spec.ts(22,3): error TS2593: Cannot find name 'it'. Do you need to install type definitions for a test runner? Try `npm i @types/jest` or `npm i @types/mocha` and then add `jest` or `mocha` to the types field in your tsconfig.
src/app/modules/admin/invoice/invoice.component.spec.ts(23,5): error TS2304: Cannot find name 'expect'.
src/app/modules/admin/Item/Item.component.spec.ts(3,1): error TS2593: Cannot find name 'describe'. Do you need to install type definitions for a test runner? Try `npm i @types/jest` or `npm i @types/mocha` and then add `jest` or `mocha` to the types field in your tsconfig.
src/app/modules/admin/Item/Item.component.spec.ts(6,1): error TS2304: Cannot find name 'beforeEach'.
src/app/modules/admin/Item/Item.component.spec.ts(12,1): error TS2304: Cannot find name 'beforeEach'.
src/app/modules/admin/Item/Item.component.spec.ts(17,1): error TS2593: Cannot find name 'it'. Do you need to install type definitions for a test runner? Try `npm i @types/jest` or `npm i @types/mocha` and then add `jest` or `mocha` to the types field in your tsconfig.
src/app/modules/admin/Item/Item.component.spec.ts(18,1): error TS2304: Cannot find name 'expect'.
src/app/modules/admin/Item_Group/Item_Group.component.spec.ts(3,1): error TS2593: Cannot find name 'describe'. Do you need to install type definitions for a test runner? Try `npm i @types/jest` or `npm i @types/mocha` and then add `jest` or `mocha` to the types field in your tsconfig.
src/app/modules/admin/Item_Group/Item_Group.component.spec.ts(6,1): error TS2304: Cannot find name 'beforeEach'.
src/app/modules/admin/Item_Group/Item_Group.component.spec.ts(12,1): error TS2304: Cannot find name 'beforeEach'.
src/app/modules/admin/Item_Group/Item_Group.component.spec.ts(17,1): error TS2593: Cannot find name 'it'. Do you need to install type definitions for a test runner? Try `npm i @types/jest` or `npm i @types/mocha` and then add `jest` or `mocha` to the types field in your tsconfig.
src/app/modules/admin/Item_Group/Item_Group.component.spec.ts(18,1): error TS2304: Cannot find name 'expect'.
src/app/modules/admin/Journal_Entry/Journal_Entry.component.spec.ts(3,1): error TS2593: Cannot find name 'describe'. Do you need to install type definitions for a test runner? Try `npm i @types/jest` or `npm i @types/mocha` and then add `jest` or `mocha` to the types field in your tsconfig.
src/app/modules/admin/Journal_Entry/Journal_Entry.component.spec.ts(6,1): error TS2304: Cannot find name 'beforeEach'.
src/app/modules/admin/Journal_Entry/Journal_Entry.component.spec.ts(12,1): error TS2304: Cannot find name 'beforeEach'.
src/app/modules/admin/Journal_Entry/Journal_Entry.component.spec.ts(17,1): error TS2593: Cannot find name 'it'. Do you need to install type definitions for a test runner? Try `npm i @types/jest` or `npm i @types/mocha` and then add `jest` or `mocha` to the types field in your tsconfig.
src/app/modules/admin/Journal_Entry/Journal_Entry.component.spec.ts(18,1): error TS2304: Cannot find name 'expect'.
src/app/modules/admin/Journal_Entry_New/Journal_Entry_New.component.spec.ts(3,1): error TS2593: Cannot find name 'describe'. Do you need to install type definitions for a test runner? Try `npm i @types/jest` or `npm i @types/mocha` and then add `jest` or `mocha` to the types field in your tsconfig.
src/app/modules/admin/Journal_Entry_New/Journal_Entry_New.component.spec.ts(6,1): error TS2304: Cannot find name 'beforeEach'.
src/app/modules/admin/Journal_Entry_New/Journal_Entry_New.component.spec.ts(12,1): error TS2304: Cannot find name 'beforeEach'.
src/app/modules/admin/Journal_Entry_New/Journal_Entry_New.component.spec.ts(17,1): error TS2593: Cannot find name 'it'. Do you need to install type definitions for a test runner? Try `npm i @types/jest` or `npm i @types/mocha` and then add `jest` or `mocha` to the types field in your tsconfig.
src/app/modules/admin/Journal_Entry_New/Journal_Entry_New.component.spec.ts(18,1): error TS2304: Cannot find name 'expect'.
src/app/modules/admin/Journal_Report/Journal_Report.component.spec.ts(2,40): error TS2307: Cannot find module './Journal_Entry.component'.
src/app/modules/admin/Journal_Report/Journal_Report.component.spec.ts(3,1): error TS2593: Cannot find name 'describe'. Do you need to install type definitions for a test runner? Try `npm i @types/jest` or `npm i @types/mocha` and then add `jest` or `mocha` to the types field in your tsconfig.
src/app/modules/admin/Journal_Report/Journal_Report.component.spec.ts(6,1): error TS2304: Cannot find name 'beforeEach'.
src/app/modules/admin/Journal_Report/Journal_Report.component.spec.ts(12,1): error TS2304: Cannot find name 'beforeEach'.
src/app/modules/admin/Journal_Report/Journal_Report.component.spec.ts(17,1): error TS2593: Cannot find name 'it'. Do you need to install type definitions for a test runner? Try `npm i @types/jest` or `npm i @types/mocha` and then add `jest` or `mocha` to the types field in your tsconfig.
src/app/modules/admin/Journal_Report/Journal_Report.component.spec.ts(18,1): error TS2304: Cannot find name 'expect'.
src/app/modules/admin/Ledger/Ledger.component.spec.ts(3,1): error TS2593: Cannot find name 'describe'. Do you need to install type definitions for a test runner? Try `npm i @types/jest` or `npm i @types/mocha` and then add `jest` or `mocha` to the types field in your tsconfig.
src/app/modules/admin/Ledger/Ledger.component.spec.ts(6,1): error TS2304: Cannot find name 'beforeEach'.
src/app/modules/admin/Ledger/Ledger.component.spec.ts(12,1): error TS2304: Cannot find name 'beforeEach'.
src/app/modules/admin/Ledger/Ledger.component.spec.ts(17,1): error TS2593: Cannot find name 'it'. Do you need to install type definitions for a test runner? Try `npm i @types/jest` or `npm i @types/mocha` and then add `jest` or `mocha` to the types field in your tsconfig.
src/app/modules/admin/Ledger/Ledger.component.spec.ts(18,1): error TS2304: Cannot find name 'expect'.
src/app/modules/admin/OutstandingReport/OutstandingReport.component.spec.ts(3,1): error TS2593: Cannot find name 'describe'. Do you need to install type definitions for a test runner? Try `npm i @types/jest` or `npm i @types/mocha` and then add `jest` or `mocha` to the types field in your tsconfig.
src/app/modules/admin/OutstandingReport/OutstandingReport.component.spec.ts(6,1): error TS2304: Cannot find name 'beforeEach'.
src/app/modules/admin/OutstandingReport/OutstandingReport.component.spec.ts(12,1): error TS2304: Cannot find name 'beforeEach'.
src/app/modules/admin/OutstandingReport/OutstandingReport.component.spec.ts(17,1): error TS2593: Cannot find name 'it'. Do you need to install type definitions for a test runner? Try `npm i @types/jest` or `npm i @types/mocha` and then add `jest` or `mocha` to the types field in your tsconfig.
src/app/modules/admin/OutstandingReport/OutstandingReport.component.spec.ts(18,1): error TS2304: Cannot find name 'expect'.
src/app/modules/admin/Packing_List/Packing_List.component.spec.ts(3,1): error TS2593: Cannot find name 'describe'. Do you need to install type definitions for a test runner? Try `npm i @types/jest` or `npm i @types/mocha` and then add `jest` or `mocha` to the types field in your tsconfig.
src/app/modules/admin/Packing_List/Packing_List.component.spec.ts(6,1): error TS2304: Cannot find name 'beforeEach'.
src/app/modules/admin/Packing_List/Packing_List.component.spec.ts(12,1): error TS2304: Cannot find name 'beforeEach'.
src/app/modules/admin/Packing_List/Packing_List.component.spec.ts(17,1): error TS2593: Cannot find name 'it'. Do you need to install type definitions for a test runner? Try `npm i @types/jest` or `npm i @types/mocha` and then add `jest` or `mocha` to the types field in your tsconfig.
src/app/modules/admin/Packing_List/Packing_List.component.spec.ts(18,1): error TS2304: Cannot find name 'expect'.
src/app/modules/admin/Payment_Term/Payment_Term.component.spec.ts(3,1): error TS2593: Cannot find name 'describe'. Do you need to install type definitions for a test runner? Try `npm i @types/jest` or `npm i @types/mocha` and then add `jest` or `mocha` to the types field in your tsconfig.
src/app/modules/admin/Payment_Term/Payment_Term.component.spec.ts(6,1): error TS2304: Cannot find name 'beforeEach'.
src/app/modules/admin/Payment_Term/Payment_Term.component.spec.ts(12,1): error TS2304: Cannot find name 'beforeEach'.
src/app/modules/admin/Payment_Term/Payment_Term.component.spec.ts(17,1): error TS2593: Cannot find name 'it'. Do you need to install type definitions for a test runner? Try `npm i @types/jest` or `npm i @types/mocha` and then add `jest` or `mocha` to the types field in your tsconfig.
src/app/modules/admin/Payment_Term/Payment_Term.component.spec.ts(18,1): error TS2304: Cannot find name 'expect'.
src/app/modules/admin/Payment_Voucher/Payment_Voucher.component.spec.ts(3,1): error TS2593: Cannot find name 'describe'. Do you need to install type definitions for a test runner? Try `npm i @types/jest` or `npm i @types/mocha` and then add `jest` or `mocha` to the types field in your tsconfig.
src/app/modules/admin/Payment_Voucher/Payment_Voucher.component.spec.ts(6,1): error TS2304: Cannot find name 'beforeEach'.
src/app/modules/admin/Payment_Voucher/Payment_Voucher.component.spec.ts(12,1): error TS2304: Cannot find name 'beforeEach'.
src/app/modules/admin/Payment_Voucher/Payment_Voucher.component.spec.ts(17,1): error TS2593: Cannot find name 'it'. Do you need to install type definitions for a test runner? Try `npm i @types/jest` or `npm i @types/mocha` and then add `jest` or `mocha` to the types field in your tsconfig.
src/app/modules/admin/Payment_Voucher/Payment_Voucher.component.spec.ts(18,1): error TS2304: Cannot find name 'expect'.
src/app/modules/admin/Performa_Invoice/Performa_Invoice.component.spec.ts(3,1): error TS2593: Cannot find name 'describe'. Do you need to install type definitions for a test runner? Try `npm i @types/jest` or `npm i @types/mocha` and then add `jest` or `mocha` to the types field in your tsconfig.
src/app/modules/admin/Performa_Invoice/Performa_Invoice.component.spec.ts(6,1): error TS2304: Cannot find name 'beforeEach'.
src/app/modules/admin/Performa_Invoice/Performa_Invoice.component.spec.ts(12,1): error TS2304: Cannot find name 'beforeEach'.
src/app/modules/admin/Performa_Invoice/Performa_Invoice.component.spec.ts(17,1): error TS2593: Cannot find name 'it'. Do you need to install type definitions for a test runner? Try `npm i @types/jest` or `npm i @types/mocha` and then add `jest` or `mocha` to the types field in your tsconfig.
src/app/modules/admin/Performa_Invoice/Performa_Invoice.component.spec.ts(18,1): error TS2304: Cannot find name 'expect'.
src/app/modules/admin/performainvoicemaster/performainvoicemaster.component.spec.ts(3,1): error TS2593: Cannot find name 'describe'. Do you need to install type definitions for a test runner? Try `npm i @types/jest` or `npm i @types/mocha` and then add `jest` or `mocha` to the types field in your tsconfig.
src/app/modules/admin/performainvoicemaster/performainvoicemaster.component.spec.ts(6,1): error TS2304: Cannot find name 'beforeEach'.
src/app/modules/admin/performainvoicemaster/performainvoicemaster.component.spec.ts(12,1): error TS2304: Cannot find name 'beforeEach'.
src/app/modules/admin/performainvoicemaster/performainvoicemaster.component.spec.ts(17,1): error TS2593: Cannot find name 'it'. Do you need to install type definitions for a test runner? Try `npm i @types/jest` or `npm i @types/mocha` and then add `jest` or `mocha` to the types field in your tsconfig.
src/app/modules/admin/performainvoicemaster/performainvoicemaster.component.spec.ts(18,1): error TS2304: Cannot find name 'expect'.
src/app/modules/admin/Price_Request/Price_Request.component.spec.ts(3,1): error TS2593: Cannot find name 'describe'. Do you need to install type definitions for a test runner? Try `npm i @types/jest` or `npm i @types/mocha` and then add `jest` or `mocha` to the types field in your tsconfig.
src/app/modules/admin/Price_Request/Price_Request.component.spec.ts(6,1): error TS2304: Cannot find name 'beforeEach'.
src/app/modules/admin/Price_Request/Price_Request.component.spec.ts(12,1): error TS2304: Cannot find name 'beforeEach'.
src/app/modules/admin/Price_Request/Price_Request.component.spec.ts(17,1): error TS2593: Cannot find name 'it'. Do you need to install type definitions for a test runner? Try `npm i @types/jest` or `npm i @types/mocha` and then add `jest` or `mocha` to the types field in your tsconfig.
src/app/modules/admin/Price_Request/Price_Request.component.spec.ts(18,1): error TS2304: Cannot find name 'expect'.
src/app/modules/admin/Price_Response/Price_Response.component.spec.ts(2,40): error TS2307: Cannot find module './Price_Request.component'.
src/app/modules/admin/Price_Response/Price_Response.component.spec.ts(3,1): error TS2593: Cannot find name 'describe'. Do you need to install type definitions for a test runner? Try `npm i @types/jest` or `npm i @types/mocha` and then add `jest` or `mocha` to the types field in your tsconfig.
src/app/modules/admin/Price_Response/Price_Response.component.spec.ts(6,1): error TS2304: Cannot find name 'beforeEach'.
src/app/modules/admin/Price_Response/Price_Response.component.spec.ts(12,1): error TS2304: Cannot find name 'beforeEach'.
src/app/modules/admin/Price_Response/Price_Response.component.spec.ts(17,1): error TS2593: Cannot find name 'it'. Do you need to install type definitions for a test runner? Try `npm i @types/jest` or `npm i @types/mocha` and then add `jest` or `mocha` to the types field in your tsconfig.
src/app/modules/admin/Price_Response/Price_Response.component.spec.ts(18,1): error TS2304: Cannot find name 'expect'.
src/app/modules/admin/ProfitAndLossReport/ProfitAndLossReport.component.spec.ts(3,1): error TS2593: Cannot find name 'describe'. Do you need to install type definitions for a test runner? Try `npm i @types/jest` or `npm i @types/mocha` and then add `jest` or `mocha` to the types field in your tsconfig.
src/app/modules/admin/ProfitAndLossReport/ProfitAndLossReport.component.spec.ts(6,1): error TS2304: Cannot find name 'beforeEach'.
src/app/modules/admin/ProfitAndLossReport/ProfitAndLossReport.component.spec.ts(12,1): error TS2304: Cannot find name 'beforeEach'.
src/app/modules/admin/ProfitAndLossReport/ProfitAndLossReport.component.spec.ts(17,1): error TS2593: Cannot find name 'it'. Do you need to install type definitions for a test runner? Try `npm i @types/jest` or `npm i @types/mocha` and then add `jest` or `mocha` to the types field in your tsconfig.
src/app/modules/admin/ProfitAndLossReport/ProfitAndLossReport.component.spec.ts(18,1): error TS2304: Cannot find name 'expect'.
src/app/modules/admin/purchase-return/purchase-return.component.spec.ts(5,1): error TS2593: Cannot find name 'describe'. Do you need to install type definitions for a test runner? Try `npm i @types/jest` or `npm i @types/mocha` and then add `jest` or `mocha` to the types field in your tsconfig.
src/app/modules/admin/purchase-return/purchase-return.component.spec.ts(9,3): error TS2304: Cannot find name 'beforeEach'.
src/app/modules/admin/purchase-return/purchase-return.component.spec.ts(16,3): error TS2304: Cannot find name 'beforeEach'.
src/app/modules/admin/purchase-return/purchase-return.component.spec.ts(22,3): error TS2593: Cannot find name 'it'. Do you need to install type definitions for a test runner? Try `npm i @types/jest` or `npm i @types/mocha` and then add `jest` or `mocha` to the types field in your tsconfig.
src/app/modules/admin/purchase-return/purchase-return.component.spec.ts(23,5): error TS2304: Cannot find name 'expect'.
src/app/modules/admin/Purchase_Master/Purchase_Master.component.spec.ts(3,1): error TS2593: Cannot find name 'describe'. Do you need to install type definitions for a test runner? Try `npm i @types/jest` or `npm i @types/mocha` and then add `jest` or `mocha` to the types field in your tsconfig.
src/app/modules/admin/Purchase_Master/Purchase_Master.component.spec.ts(6,1): error TS2304: Cannot find name 'beforeEach'.
src/app/modules/admin/Purchase_Master/Purchase_Master.component.spec.ts(12,1): error TS2304: Cannot find name 'beforeEach'.
src/app/modules/admin/Purchase_Master/Purchase_Master.component.spec.ts(17,1): error TS2593: Cannot find name 'it'. Do you need to install type definitions for a test runner? Try `npm i @types/jest` or `npm i @types/mocha` and then add `jest` or `mocha` to the types field in your tsconfig.
src/app/modules/admin/Purchase_Master/Purchase_Master.component.spec.ts(18,1): error TS2304: Cannot find name 'expect'.
src/app/modules/admin/Purchase_Order/Purchase_Order.component.spec.ts(3,1): error TS2593: Cannot find name 'describe'. Do you need to install type definitions for a test runner? Try `npm i @types/jest` or `npm i @types/mocha` and then add `jest` or `mocha` to the types field in your tsconfig.
src/app/modules/admin/Purchase_Order/Purchase_Order.component.spec.ts(6,1): error TS2304: Cannot find name 'beforeEach'.
src/app/modules/admin/Purchase_Order/Purchase_Order.component.spec.ts(12,1): error TS2304: Cannot find name 'beforeEach'.
src/app/modules/admin/Purchase_Order/Purchase_Order.component.spec.ts(17,1): error TS2593: Cannot find name 'it'. Do you need to install type definitions for a test runner? Try `npm i @types/jest` or `npm i @types/mocha` and then add `jest` or `mocha` to the types field in your tsconfig.
src/app/modules/admin/Purchase_Order/Purchase_Order.component.spec.ts(18,1): error TS2304: Cannot find name 'expect'.
src/app/modules/admin/Purchase_Return_Master/Purchase_Return_Master.component.spec.ts(2,10): error TS2724: Module '"../../../../../../../../../../../../Users/nanda/OneDrive/Desktop/UFS PROJECT/netronics/frontend/src/app/modules/admin/Purchase_Return_Master/Purchase_Return_Master.component"' has no exported member 'Purchase_Return_MasterComponent'. Did you mean 'purchase_return_masterComponent'?
src/app/modules/admin/Purchase_Return_Master/Purchase_Return_Master.component.spec.ts(3,1): error TS2593: Cannot find name 'describe'. Do you need to install type definitions for a test runner? Try `npm i @types/jest` or `npm i @types/mocha` and then add `jest` or `mocha` to the types field in your tsconfig.
src/app/modules/admin/Purchase_Return_Master/Purchase_Return_Master.component.spec.ts(6,1): error TS2304: Cannot find name 'beforeEach'.
src/app/modules/admin/Purchase_Return_Master/Purchase_Return_Master.component.spec.ts(12,1): error TS2304: Cannot find name 'beforeEach'.
src/app/modules/admin/Purchase_Return_Master/Purchase_Return_Master.component.spec.ts(17,1): error TS2593: Cannot find name 'it'. Do you need to install type definitions for a test runner? Try `npm i @types/jest` or `npm i @types/mocha` and then add `jest` or `mocha` to the types field in your tsconfig.
src/app/modules/admin/Purchase_Return_Master/Purchase_Return_Master.component.spec.ts(18,1): error TS2304: Cannot find name 'expect'.
src/app/modules/admin/purchaseordermaster/purchaseordermaster.component.spec.ts(3,1): error TS2593: Cannot find name 'describe'. Do you need to install type definitions for a test runner? Try `npm i @types/jest` or `npm i @types/mocha` and then add `jest` or `mocha` to the types field in your tsconfig.
src/app/modules/admin/purchaseordermaster/purchaseordermaster.component.spec.ts(6,1): error TS2304: Cannot find name 'beforeEach'.
src/app/modules/admin/purchaseordermaster/purchaseordermaster.component.spec.ts(12,1): error TS2304: Cannot find name 'beforeEach'.
src/app/modules/admin/purchaseordermaster/purchaseordermaster.component.spec.ts(17,1): error TS2593: Cannot find name 'it'. Do you need to install type definitions for a test runner? Try `npm i @types/jest` or `npm i @types/mocha` and then add `jest` or `mocha` to the types field in your tsconfig.
src/app/modules/admin/purchaseordermaster/purchaseordermaster.component.spec.ts(18,1): error TS2304: Cannot find name 'expect'.
src/app/modules/admin/Quotation/Quotation.component.spec.ts(3,1): error TS2593: Cannot find name 'describe'. Do you need to install type definitions for a test runner? Try `npm i @types/jest` or `npm i @types/mocha` and then add `jest` or `mocha` to the types field in your tsconfig.
src/app/modules/admin/Quotation/Quotation.component.spec.ts(6,1): error TS2304: Cannot find name 'beforeEach'.
src/app/modules/admin/Quotation/Quotation.component.spec.ts(12,1): error TS2304: Cannot find name 'beforeEach'.
src/app/modules/admin/Quotation/Quotation.component.spec.ts(17,1): error TS2593: Cannot find name 'it'. Do you need to install type definitions for a test runner? Try `npm i @types/jest` or `npm i @types/mocha` and then add `jest` or `mocha` to the types field in your tsconfig.
src/app/modules/admin/Quotation/Quotation.component.spec.ts(18,1): error TS2304: Cannot find name 'expect'.
src/app/modules/admin/Receipt_Reference/Receipt_Reference.component.spec.ts(3,1): error TS2593: Cannot find name 'describe'. Do you need to install type definitions for a test runner? Try `npm i @types/jest` or `npm i @types/mocha` and then add `jest` or `mocha` to the types field in your tsconfig.
src/app/modules/admin/Receipt_Reference/Receipt_Reference.component.spec.ts(6,1): error TS2304: Cannot find name 'beforeEach'.
src/app/modules/admin/Receipt_Reference/Receipt_Reference.component.spec.ts(12,1): error TS2304: Cannot find name 'beforeEach'.
src/app/modules/admin/Receipt_Reference/Receipt_Reference.component.spec.ts(17,1): error TS2593: Cannot find name 'it'. Do you need to install type definitions for a test runner? Try `npm i @types/jest` or `npm i @types/mocha` and then add `jest` or `mocha` to the types field in your tsconfig.
src/app/modules/admin/Receipt_Reference/Receipt_Reference.component.spec.ts(18,1): error TS2304: Cannot find name 'expect'.
src/app/modules/admin/Receipt_Voucher/Receipt_Voucher.component.spec.ts(3,1): error TS2593: Cannot find name 'describe'. Do you need to install type definitions for a test runner? Try `npm i @types/jest` or `npm i @types/mocha` and then add `jest` or `mocha` to the types field in your tsconfig.
src/app/modules/admin/Receipt_Voucher/Receipt_Voucher.component.spec.ts(6,1): error TS2304: Cannot find name 'beforeEach'.
src/app/modules/admin/Receipt_Voucher/Receipt_Voucher.component.spec.ts(12,1): error TS2304: Cannot find name 'beforeEach'.
src/app/modules/admin/Receipt_Voucher/Receipt_Voucher.component.spec.ts(17,1): error TS2593: Cannot find name 'it'. Do you need to install type definitions for a test runner? Try `npm i @types/jest` or `npm i @types/mocha` and then add `jest` or `mocha` to the types field in your tsconfig.
src/app/modules/admin/Receipt_Voucher/Receipt_Voucher.component.spec.ts(18,1): error TS2304: Cannot find name 'expect'.
src/app/modules/admin/ReceiptVoucher/ReceiptVoucher.component.spec.ts(3,1): error TS2593: Cannot find name 'describe'. Do you need to install type definitions for a test runner? Try `npm i @types/jest` or `npm i @types/mocha` and then add `jest` or `mocha` to the types field in your tsconfig.
src/app/modules/admin/ReceiptVoucher/ReceiptVoucher.component.spec.ts(6,1): error TS2304: Cannot find name 'beforeEach'.
src/app/modules/admin/ReceiptVoucher/ReceiptVoucher.component.spec.ts(12,1): error TS2304: Cannot find name 'beforeEach'.
src/app/modules/admin/ReceiptVoucher/ReceiptVoucher.component.spec.ts(17,1): error TS2593: Cannot find name 'it'. Do you need to install type definitions for a test runner? Try `npm i @types/jest` or `npm i @types/mocha` and then add `jest` or `mocha` to the types field in your tsconfig.
src/app/modules/admin/ReceiptVoucher/ReceiptVoucher.component.spec.ts(18,1): error TS2304: Cannot find name 'expect'.
src/app/modules/admin/Requirement/Requirement.component.spec.ts(3,1): error TS2593: Cannot find name 'describe'. Do you need to install type definitions for a test runner? Try `npm i @types/jest` or `npm i @types/mocha` and then add `jest` or `mocha` to the types field in your tsconfig.
src/app/modules/admin/Requirement/Requirement.component.spec.ts(6,1): error TS2304: Cannot find name 'beforeEach'.
src/app/modules/admin/Requirement/Requirement.component.spec.ts(12,1): error TS2304: Cannot find name 'beforeEach'.
src/app/modules/admin/Requirement/Requirement.component.spec.ts(17,1): error TS2593: Cannot find name 'it'. Do you need to install type definitions for a test runner? Try `npm i @types/jest` or `npm i @types/mocha` and then add `jest` or `mocha` to the types field in your tsconfig.
src/app/modules/admin/Requirement/Requirement.component.spec.ts(18,1): error TS2304: Cannot find name 'expect'.
src/app/modules/admin/Sale_Unit/Sale_Unit.component.spec.ts(3,1): error TS2593: Cannot find name 'describe'. Do you need to install type definitions for a test runner? Try `npm i @types/jest` or `npm i @types/mocha` and then add `jest` or `mocha` to the types field in your tsconfig.
src/app/modules/admin/Sale_Unit/Sale_Unit.component.spec.ts(6,1): error TS2304: Cannot find name 'beforeEach'.
src/app/modules/admin/Sale_Unit/Sale_Unit.component.spec.ts(12,1): error TS2304: Cannot find name 'beforeEach'.
src/app/modules/admin/Sale_Unit/Sale_Unit.component.spec.ts(17,1): error TS2593: Cannot find name 'it'. Do you need to install type definitions for a test runner? Try `npm i @types/jest` or `npm i @types/mocha` and then add `jest` or `mocha` to the types field in your tsconfig.
src/app/modules/admin/Sale_Unit/Sale_Unit.component.spec.ts(18,1): error TS2304: Cannot find name 'expect'.
src/app/modules/admin/Sales_Return/Sales_Return.component.spec.ts(5,1): error TS2593: Cannot find name 'describe'. Do you need to install type definitions for a test runner? Try `npm i @types/jest` or `npm i @types/mocha` and then add `jest` or `mocha` to the types field in your tsconfig.
src/app/modules/admin/Sales_Return/Sales_Return.component.spec.ts(9,3): error TS2304: Cannot find name 'beforeEach'.
src/app/modules/admin/Sales_Return/Sales_Return.component.spec.ts(16,3): error TS2304: Cannot find name 'beforeEach'.
src/app/modules/admin/Sales_Return/Sales_Return.component.spec.ts(22,3): error TS2593: Cannot find name 'it'. Do you need to install type definitions for a test runner? Try `npm i @types/jest` or `npm i @types/mocha` and then add `jest` or `mocha` to the types field in your tsconfig.
src/app/modules/admin/Sales_Return/Sales_Return.component.spec.ts(23,5): error TS2304: Cannot find name 'expect'.
src/app/modules/admin/SalesOrder/SalesOrder.component.spec.ts(5,1): error TS2593: Cannot find name 'describe'. Do you need to install type definitions for a test runner? Try `npm i @types/jest` or `npm i @types/mocha` and then add `jest` or `mocha` to the types field in your tsconfig.
src/app/modules/admin/SalesOrder/SalesOrder.component.spec.ts(9,3): error TS2304: Cannot find name 'beforeEach'.
src/app/modules/admin/SalesOrder/SalesOrder.component.spec.ts(16,3): error TS2304: Cannot find name 'beforeEach'.
src/app/modules/admin/SalesOrder/SalesOrder.component.spec.ts(22,3): error TS2593: Cannot find name 'it'. Do you need to install type definitions for a test runner? Try `npm i @types/jest` or `npm i @types/mocha` and then add `jest` or `mocha` to the types field in your tsconfig.
src/app/modules/admin/SalesOrder/SalesOrder.component.spec.ts(23,5): error TS2304: Cannot find name 'expect'.
src/app/modules/admin/salesquotationmaster/salesquotationmaster.component.spec.ts(3,1): error TS2593: Cannot find name 'describe'. Do you need to install type definitions for a test runner? Try `npm i @types/jest` or `npm i @types/mocha` and then add `jest` or `mocha` to the types field in your tsconfig.
src/app/modules/admin/salesquotationmaster/salesquotationmaster.component.spec.ts(6,1): error TS2304: Cannot find name 'beforeEach'.
src/app/modules/admin/salesquotationmaster/salesquotationmaster.component.spec.ts(12,1): error TS2304: Cannot find name 'beforeEach'.
src/app/modules/admin/salesquotationmaster/salesquotationmaster.component.spec.ts(17,1): error TS2593: Cannot find name 'it'. Do you need to install type definitions for a test runner? Try `npm i @types/jest` or `npm i @types/mocha` and then add `jest` or `mocha` to the types field in your tsconfig.
src/app/modules/admin/salesquotationmaster/salesquotationmaster.component.spec.ts(18,1): error TS2304: Cannot find name 'expect'.
src/app/modules/admin/statement-of-account/statement-of-account.component.spec.ts(5,1): error TS2593: Cannot find name 'describe'. Do you need to install type definitions for a test runner? Try `npm i @types/jest` or `npm i @types/mocha` and then add `jest` or `mocha` to the types field in your tsconfig.
src/app/modules/admin/statement-of-account/statement-of-account.component.spec.ts(9,3): error TS2304: Cannot find name 'beforeEach'.
src/app/modules/admin/statement-of-account/statement-of-account.component.spec.ts(16,3): error TS2304: Cannot find name 'beforeEach'.
src/app/modules/admin/statement-of-account/statement-of-account.component.spec.ts(22,3): error TS2593: Cannot find name 'it'. Do you need to install type definitions for a test runner? Try `npm i @types/jest` or `npm i @types/mocha` and then add `jest` or `mocha` to the types field in your tsconfig.
src/app/modules/admin/statement-of-account/statement-of-account.component.spec.ts(23,5): error TS2304: Cannot find name 'expect'.
src/app/modules/admin/Stock/Stock.component.spec.ts(3,1): error TS2593: Cannot find name 'describe'. Do you need to install type definitions for a test runner? Try `npm i @types/jest` or `npm i @types/mocha` and then add `jest` or `mocha` to the types field in your tsconfig.
src/app/modules/admin/Stock/Stock.component.spec.ts(6,1): error TS2304: Cannot find name 'beforeEach'.
src/app/modules/admin/Stock/Stock.component.spec.ts(12,1): error TS2304: Cannot find name 'beforeEach'.
src/app/modules/admin/Stock/Stock.component.spec.ts(17,1): error TS2593: Cannot find name 'it'. Do you need to install type definitions for a test runner? Try `npm i @types/jest` or `npm i @types/mocha` and then add `jest` or `mocha` to the types field in your tsconfig.
src/app/modules/admin/Stock/Stock.component.spec.ts(18,1): error TS2304: Cannot find name 'expect'.
src/app/modules/admin/Stock_Add_Details/Stock_Add_Details.component.spec.ts(3,1): error TS2593: Cannot find name 'describe'. Do you need to install type definitions for a test runner? Try `npm i @types/jest` or `npm i @types/mocha` and then add `jest` or `mocha` to the types field in your tsconfig.
src/app/modules/admin/Stock_Add_Details/Stock_Add_Details.component.spec.ts(6,1): error TS2304: Cannot find name 'beforeEach'.
src/app/modules/admin/Stock_Add_Details/Stock_Add_Details.component.spec.ts(12,1): error TS2304: Cannot find name 'beforeEach'.
src/app/modules/admin/Stock_Add_Details/Stock_Add_Details.component.spec.ts(17,1): error TS2593: Cannot find name 'it'. Do you need to install type definitions for a test runner? Try `npm i @types/jest` or `npm i @types/mocha` and then add `jest` or `mocha` to the types field in your tsconfig.
src/app/modules/admin/Stock_Add_Details/Stock_Add_Details.component.spec.ts(18,1): error TS2304: Cannot find name 'expect'.
src/app/modules/admin/Stock_Adjust/Stock_Adjust.component.spec.ts(3,1): error TS2593: Cannot find name 'describe'. Do you need to install type definitions for a test runner? Try `npm i @types/jest` or `npm i @types/mocha` and then add `jest` or `mocha` to the types field in your tsconfig.
src/app/modules/admin/Stock_Adjust/Stock_Adjust.component.spec.ts(6,1): error TS2304: Cannot find name 'beforeEach'.
src/app/modules/admin/Stock_Adjust/Stock_Adjust.component.spec.ts(12,1): error TS2304: Cannot find name 'beforeEach'.
src/app/modules/admin/Stock_Adjust/Stock_Adjust.component.spec.ts(17,1): error TS2593: Cannot find name 'it'. Do you need to install type definitions for a test runner? Try `npm i @types/jest` or `npm i @types/mocha` and then add `jest` or `mocha` to the types field in your tsconfig.
src/app/modules/admin/Stock_Adjust/Stock_Adjust.component.spec.ts(18,1): error TS2304: Cannot find name 'expect'.
src/app/modules/admin/Stock_Report/Stock_Report.component.spec.ts(3,1): error TS2593: Cannot find name 'describe'. Do you need to install type definitions for a test runner? Try `npm i @types/jest` or `npm i @types/mocha` and then add `jest` or `mocha` to the types field in your tsconfig.
src/app/modules/admin/Stock_Report/Stock_Report.component.spec.ts(6,1): error TS2304: Cannot find name 'beforeEach'.
src/app/modules/admin/Stock_Report/Stock_Report.component.spec.ts(12,1): error TS2304: Cannot find name 'beforeEach'.
src/app/modules/admin/Stock_Report/Stock_Report.component.spec.ts(17,1): error TS2593: Cannot find name 'it'. Do you need to install type definitions for a test runner? Try `npm i @types/jest` or `npm i @types/mocha` and then add `jest` or `mocha` to the types field in your tsconfig.
src/app/modules/admin/Stock_Report/Stock_Report.component.spec.ts(18,1): error TS2304: Cannot find name 'expect'.
src/app/modules/admin/Stock_Reports/Stock_Reports.component.spec.ts(3,1): error TS2593: Cannot find name 'describe'. Do you need to install type definitions for a test runner? Try `npm i @types/jest` or `npm i @types/mocha` and then add `jest` or `mocha` to the types field in your tsconfig.
src/app/modules/admin/Stock_Reports/Stock_Reports.component.spec.ts(6,1): error TS2304: Cannot find name 'beforeEach'.
src/app/modules/admin/Stock_Reports/Stock_Reports.component.spec.ts(12,1): error TS2304: Cannot find name 'beforeEach'.
src/app/modules/admin/Stock_Reports/Stock_Reports.component.spec.ts(17,1): error TS2593: Cannot find name 'it'. Do you need to install type definitions for a test runner? Try `npm i @types/jest` or `npm i @types/mocha` and then add `jest` or `mocha` to the types field in your tsconfig.
src/app/modules/admin/Stock_Reports/Stock_Reports.component.spec.ts(18,1): error TS2304: Cannot find name 'expect'.
src/app/modules/admin/StockTake/StockTake.component.spec.ts(3,1): error TS2593: Cannot find name 'describe'. Do you need to install type definitions for a test runner? Try `npm i @types/jest` or `npm i @types/mocha` and then add `jest` or `mocha` to the types field in your tsconfig.
src/app/modules/admin/StockTake/StockTake.component.spec.ts(6,1): error TS2304: Cannot find name 'beforeEach'.
src/app/modules/admin/StockTake/StockTake.component.spec.ts(12,1): error TS2304: Cannot find name 'beforeEach'.
src/app/modules/admin/StockTake/StockTake.component.spec.ts(17,1): error TS2593: Cannot find name 'it'. Do you need to install type definitions for a test runner? Try `npm i @types/jest` or `npm i @types/mocha` and then add `jest` or `mocha` to the types field in your tsconfig.
src/app/modules/admin/StockTake/StockTake.component.spec.ts(18,1): error TS2304: Cannot find name 'expect'.
src/app/modules/admin/StockTakeName/StockTakeName.component.spec.ts(3,1): error TS2593: Cannot find name 'describe'. Do you need to install type definitions for a test runner? Try `npm i @types/jest` or `npm i @types/mocha` and then add `jest` or `mocha` to the types field in your tsconfig.
src/app/modules/admin/StockTakeName/StockTakeName.component.spec.ts(6,1): error TS2304: Cannot find name 'beforeEach'.
src/app/modules/admin/StockTakeName/StockTakeName.component.spec.ts(12,1): error TS2304: Cannot find name 'beforeEach'.
src/app/modules/admin/StockTakeName/StockTakeName.component.spec.ts(17,1): error TS2593: Cannot find name 'it'. Do you need to install type definitions for a test runner? Try `npm i @types/jest` or `npm i @types/mocha` and then add `jest` or `mocha` to the types field in your tsconfig.
src/app/modules/admin/StockTakeName/StockTakeName.component.spec.ts(18,1): error TS2304: Cannot find name 'expect'.
src/app/modules/admin/Supplier/Supplier.component.spec.ts(3,1): error TS2593: Cannot find name 'describe'. Do you need to install type definitions for a test runner? Try `npm i @types/jest` or `npm i @types/mocha` and then add `jest` or `mocha` to the types field in your tsconfig.
src/app/modules/admin/Supplier/Supplier.component.spec.ts(6,1): error TS2304: Cannot find name 'beforeEach'.
src/app/modules/admin/Supplier/Supplier.component.spec.ts(12,1): error TS2304: Cannot find name 'beforeEach'.
src/app/modules/admin/Supplier/Supplier.component.spec.ts(17,1): error TS2593: Cannot find name 'it'. Do you need to install type definitions for a test runner? Try `npm i @types/jest` or `npm i @types/mocha` and then add `jest` or `mocha` to the types field in your tsconfig.
src/app/modules/admin/Supplier/Supplier.component.spec.ts(18,1): error TS2304: Cannot find name 'expect'.
src/app/modules/admin/User_Details/User_Details.component.spec.ts(3,1): error TS2593: Cannot find name 'describe'. Do you need to install type definitions for a test runner? Try `npm i @types/jest` or `npm i @types/mocha` and then add `jest` or `mocha` to the types field in your tsconfig.
src/app/modules/admin/User_Details/User_Details.component.spec.ts(6,1): error TS2304: Cannot find name 'beforeEach'.
src/app/modules/admin/User_Details/User_Details.component.spec.ts(12,1): error TS2304: Cannot find name 'beforeEach'.
src/app/modules/admin/User_Details/User_Details.component.spec.ts(17,1): error TS2593: Cannot find name 'it'. Do you need to install type definitions for a test runner? Try `npm i @types/jest` or `npm i @types/mocha` and then add `jest` or `mocha` to the types field in your tsconfig.
src/app/modules/admin/User_Details/User_Details.component.spec.ts(18,1): error TS2304: Cannot find name 'expect'.
src/app/modules/admin/User_Role/User_Role.component.spec.ts(5,1): error TS2593: Cannot find name 'describe'. Do you need to install type definitions for a test runner? Try `npm i @types/jest` or `npm i @types/mocha` and then add `jest` or `mocha` to the types field in your tsconfig.
src/app/modules/admin/User_Role/User_Role.component.spec.ts(9,3): error TS2304: Cannot find name 'beforeEach'.
src/app/modules/admin/User_Role/User_Role.component.spec.ts(16,3): error TS2304: Cannot find name 'beforeEach'.
src/app/modules/admin/User_Role/User_Role.component.spec.ts(22,3): error TS2593: Cannot find name 'it'. Do you need to install type definitions for a test runner? Try `npm i @types/jest` or `npm i @types/mocha` and then add `jest` or `mocha` to the types field in your tsconfig.
src/app/modules/admin/User_Role/User_Role.component.spec.ts(23,5): error TS2304: Cannot find name 'expect'.
src/app/modules/admin/User_Type/User_Type.component.spec.ts(5,1): error TS2593: Cannot find name 'describe'. Do you need to install type definitions for a test runner? Try `npm i @types/jest` or `npm i @types/mocha` and then add `jest` or `mocha` to the types field in your tsconfig.
src/app/modules/admin/User_Type/User_Type.component.spec.ts(9,3): error TS2304: Cannot find name 'beforeEach'.
src/app/modules/admin/User_Type/User_Type.component.spec.ts(16,3): error TS2304: Cannot find name 'beforeEach'.
src/app/modules/admin/User_Type/User_Type.component.spec.ts(22,3): error TS2593: Cannot find name 'it'. Do you need to install type definitions for a test runner? Try `npm i @types/jest` or `npm i @types/mocha` and then add `jest` or `mocha` to the types field in your tsconfig.
src/app/modules/admin/User_Type/User_Type.component.spec.ts(23,5): error TS2304: Cannot find name 'expect'.
src/app/modules/admin/Vat_Report/Vat_Report.component.spec.ts(3,1): error TS2593: Cannot find name 'describe'. Do you need to install type definitions for a test runner? Try `npm i @types/jest` or `npm i @types/mocha` and then add `jest` or `mocha` to the types field in your tsconfig.
src/app/modules/admin/Vat_Report/Vat_Report.component.spec.ts(6,1): error TS2304: Cannot find name 'beforeEach'.
src/app/modules/admin/Vat_Report/Vat_Report.component.spec.ts(12,1): error TS2304: Cannot find name 'beforeEach'.
src/app/modules/admin/Vat_Report/Vat_Report.component.spec.ts(17,1): error TS2593: Cannot find name 'it'. Do you need to install type definitions for a test runner? Try `npm i @types/jest` or `npm i @types/mocha` and then add `jest` or `mocha` to the types field in your tsconfig.
src/app/modules/admin/Vat_Report/Vat_Report.component.spec.ts(18,1): error TS2304: Cannot find name 'expect'.
src/app/modules/admin/Working_Status/Working_Status.component.spec.ts(5,1): error TS2593: Cannot find name 'describe'. Do you need to install type definitions for a test runner? Try `npm i @types/jest` or `npm i @types/mocha` and then add `jest` or `mocha` to the types field in your tsconfig.
src/app/modules/admin/Working_Status/Working_Status.component.spec.ts(9,3): error TS2304: Cannot find name 'beforeEach'.
src/app/modules/admin/Working_Status/Working_Status.component.spec.ts(16,3): error TS2304: Cannot find name 'beforeEach'.
src/app/modules/admin/Working_Status/Working_Status.component.spec.ts(22,3): error TS2593: Cannot find name 'it'. Do you need to install type definitions for a test runner? Try `npm i @types/jest` or `npm i @types/mocha` and then add `jest` or `mocha` to the types field in your tsconfig.
src/app/modules/admin/Working_Status/Working_Status.component.spec.ts(23,5): error TS2304: Cannot find name 'expect'.
src/app/modules/auth/auth.component.spec.ts(4,1): error TS2593: Cannot find name 'describe'. Do you need to install type definitions for a test runner? Try `npm i @types/jest` or `npm i @types/mocha` and then add `jest` or `mocha` to the types field in your tsconfig.
src/app/modules/auth/auth.component.spec.ts(8,3): error TS2304: Cannot find name 'beforeEach'.
src/app/modules/auth/auth.component.spec.ts(15,3): error TS2304: Cannot find name 'beforeEach'.
src/app/modules/auth/auth.component.spec.ts(21,3): error TS2593: Cannot find name 'it'. Do you need to install type definitions for a test runner? Try `npm i @types/jest` or `npm i @types/mocha` and then add `jest` or `mocha` to the types field in your tsconfig.
src/app/modules/auth/auth.component.spec.ts(22,5): error TS2304: Cannot find name 'expect'.
src/app/modules/auth/login/login.component.spec.ts(5,1): error TS2593: Cannot find name 'describe'. Do you need to install type definitions for a test runner? Try `npm i @types/jest` or `npm i @types/mocha` and then add `jest` or `mocha` to the types field in your tsconfig.
src/app/modules/auth/login/login.component.spec.ts(9,3): error TS2304: Cannot find name 'beforeEach'.
src/app/modules/auth/login/login.component.spec.ts(16,3): error TS2304: Cannot find name 'beforeEach'.
src/app/modules/auth/login/login.component.spec.ts(22,3): error TS2593: Cannot find name 'it'. Do you need to install type definitions for a test runner? Try `npm i @types/jest` or `npm i @types/mocha` and then add `jest` or `mocha` to the types field in your tsconfig.
src/app/modules/auth/login/login.component.spec.ts(23,5): error TS2304: Cannot find name 'expect'.
typings/modules/chartist/index.d.ts(565,1): error TS1316: Global module exports may only appear at top level.
