e2e/app.e2e-spec.ts(12,45): error TS2345: Argument of type '"app works!"' is not assignable to parameter of type 'Expected<Promise<string>>'.
e2e/src/app.e2e-spec.ts(13,41): error TS2345: Argument of type '"Welcome to myapp!"' is not assignable to parameter of type 'Expected<Promise<string>>'.
src/app/components/dialog-box/dialog-box.component.spec.ts(3,10): error TS2724: Module '"../../../../../../../../../../../Users/nanda/OneDrive/Desktop/UFS PROJECT/netronics/frontend/src/app/components/dialog-box/dialog-box.component"' has no exported member 'DialogBox_Component'. Did you mean 'DialogBoxComponent'?
src/app/guards/auth-guard.guard.spec.ts(3,10): error TS2305: Module '"../../../../../../../../../../Users/nanda/OneDrive/Desktop/UFS PROJECT/netronics/frontend/src/app/guards/auth-guard.guard"' has no exported member 'AuthGuardGuard'.
src/app/modules/admin/admin.component.spec.ts(3,10): error TS2305: Module '"../../../../../../../../../../../Users/nanda/OneDrive/Desktop/UFS PROJECT/netronics/frontend/src/app/modules/admin/admin.component"' has no exported member 'AdminLayoutComponent'.
src/app/modules/admin/Journal_Report/Journal_Report.component.spec.ts(2,40): error TS2307: Cannot find module './Journal_Entry.component'.
src/app/modules/admin/Price_Request/Price_Request.component.ts(14,38): error TS2307: Cannot find module '../../../models/Price_Request_Master'.
src/app/modules/admin/Price_Request/Price_Request.component.ts(16,39): error TS2307: Cannot find module '../../../models/Price_Request_Details'.
src/app/modules/admin/Price_Request/Price_Request.component.ts(2049,32): error TS2339: Property 'Load_Profoma_Items_Pending_List_ByPrice_Request' does not exist on type 'Sales_Master_Service'.
src/app/modules/admin/Price_Request/Price_Request.component.ts(2070,32): error TS2339: Property 'Load_Invoice_Items_Pending_List_ByPrice_Request' does not exist on type 'Sales_Master_Service'.
src/app/modules/admin/Price_Request/Price_Request.component.ts(2090,32): error TS2339: Property 'Load_Delivery_Items_Pending_List_ByPrice_Request' does not exist on type 'Sales_Master_Service'.
src/app/modules/admin/Price_Request/Price_Request.component.ts(2110,32): error TS2339: Property 'Load_Purchase_Items_Pending_List_ByPrice_Request' does not exist on type 'Sales_Master_Service'.
src/app/modules/admin/Price_Request/Price_Request.component.ts(2293,36): error TS2339: Property 'Load_SalesPrice_RequestMaster' does not exist on type 'Sales_Master_Service'.
src/app/modules/admin/Price_Request/Price_Request.component.ts(2411,36): error TS2339: Property 'Get_Salesmaster_Price_Request_Details' does not exist on type 'Sales_Master_Service'.
src/app/modules/admin/Price_Request/Price_Request.component.ts(2431,36): error TS2339: Property 'Get_DeliveryOrder_Price_Request_Details' does not exist on type 'Sales_Master_Service'.
src/app/modules/admin/Price_Request/Price_Request.component.ts(2463,36): error TS2339: Property 'Get_PackingList_Price_Request_Details' does not exist on type 'Sales_Master_Service'.
src/app/modules/admin/Price_Request/Price_Request.component.ts(2493,36): error TS2339: Property 'Get_PurchaseOrder_Price_Request_Details' does not exist on type 'Sales_Master_Service'.
src/app/modules/admin/Price_Request/Price_Request.component.ts(2525,36): error TS2339: Property 'Load_PackingList_Items_Pending_List_ByPrice_Request' does not exist on type 'Sales_Master_Service'.
src/app/modules/admin/Price_Request/Price_Request.component.ts(2546,36): error TS2339: Property 'Get_Proforma_Price_Request_Details' does not exist on type 'Sales_Master_Service'.
src/app/modules/admin/Purchase_Return_Master/Purchase_Return_Master.component.spec.ts(2,10): error TS2724: Module '"../../../../../../../../../../../../Users/nanda/OneDrive/Desktop/UFS PROJECT/netronics/frontend/src/app/modules/admin/Purchase_Return_Master/Purchase_Return_Master.component"' has no exported member 'Purchase_Return_MasterComponent'. Did you mean 'purchase_return_masterComponent'?
typings/modules/chartist/index.d.ts(565,1): error TS1316: Global module exports may only appear at top level.
